---
source: src/gitui.rs
expression: terminal.backend()
snapshot_kind: text
---
"  Status [1]  |  Log [2]  |  Files [3]  |  Stashing [4]  |  Stashes [5][TEMP_FILE] "
" ────────────────────────────────────────────────────────────────────────────────────────────────────────────────────── "
"┌Commit 1/1────────────────────────────────────────────────────────────────────────────────────────────────────────────┐"
"│[AAAAA] <1m ago    name                  initial                                                                      █"
"│                                                                                                                      ║"
"│                                                                                                                      ║"
"│                                                                                                                      ║"
"│                                                                                                                      ║"
"│                                                                                                                      ║"
"│                                                                                                                      ║"
"└──────────────────────────────────────────────────────────────────────────────────────────────────────────────────────┘"
"Scroll [↑↓] Mark [˽] Details [⏎] Branches [b] Compare [⇧C] Copy Hash [y] Tag [t] Checkout [⇧S] Tags [⇧T]        more [.]"
